// Jest Snapshot v1, https://goo.gl/fbAQLP

exports[`<DebitCardScreen> test snapshot 1`] = `
Array [
  <View
    style={
      Object {
        "backgroundColor": "#0C365A",
        "flex": 1,
        "paddingLeft": 25,
        "paddingRight": 25,
        "paddingTop": 50,
      }
    }
  >
    <View
      style={
        Object {
          "alignItems": "center",
          "flexDirection": "row",
          "justifyContent": "space-between",
        }
      }
    >
      <Text
        style={
          Array [
            Object {
              "color": "#fff",
              "fontFamily": "Avenir Next",
            },
            Object {
              "fontSize": 24,
              "fontWeight": "bold",
              "paddingTop": 20,
            },
          ]
        }
      >
        Debit Card
      </Text>
      <Image
        source={
          Object {
            "process": [Function],
          }
        }
        style={
          Object {
            "height": 25,
            "width": 25,
          }
        }
      />
    </View>
    <View
      style={
        Object {
          "marginTop": 24,
        }
      }
    >
      <Text
        style={
          Array [
            Object {
              "color": "#fff",
              "fontFamily": "Avenir Next",
            },
            undefined,
          ]
        }
        styles={
          Object {
            "fontSize": 14,
            "fontWeight": "500",
          }
        }
      >
        Available balance
      </Text>
      <View
        style={
          Object {
            "alignItems": "center",
            "flexDirection": "row",
          }
        }
      >
        <View
          style={
            Object {
              "alignItems": "center",
              "backgroundColor": "#01D167",
              "borderRadius": 5,
              "height": 24,
              "marginTop": 15,
              "padddingBottom": 4,
              "paddingLeft": 4,
              "paddingRight": 4,
              "paddingTop": 4,
              "width": 40,
            }
          }
        >
          <Text
            style={
              Array [
                Object {
                  "color": "#fff",
                  "fontFamily": "Avenir Next",
                },
                Object {
                  "fontSize": 12,
                  "fontWeight": "bold",
                },
              ]
            }
          >
            S$
          </Text>
        </View>
        <Text
          style={
            Array [
              Object {
                "color": "#fff",
                "fontFamily": "Avenir Next",
              },
              Object {
                "fontSize": 24,
                "fontWeight": "bold",
                "marginLeft": 10,
                "marginTop": 15,
              },
            ]
          }
        >
          1000
        </Text>
      </View>
    </View>
  </View>,
  <View
    collapsable={false}
    onMoveShouldSetResponder={[Function]}
    onMoveShouldSetResponderCapture={[Function]}
    onResponderEnd={[Function]}
    onResponderGrant={[Function]}
    onResponderMove={[Function]}
    onResponderReject={[Function]}
    onResponderRelease={[Function]}
    onResponderStart={[Function]}
    onResponderTerminate={[Function]}
    onResponderTerminationRequest={[Function]}
    onStartShouldSetResponder={[Function]}
    onStartShouldSetResponderCapture={[Function]}
    style={
      Object {
        "flex": 1,
        "transform": Array [
          Object {
            "translateY": 0,
          },
        ],
      }
    }
  >
    <View
      style={
        Object {
          "backgroundColor": "#fff",
          "borderTopRightRadius": 20,
          "borderTopStartRadius": 20,
          "height": "200%",
          "position": "absolute",
          "top": -100,
          "width": "100%",
        }
      }
    >
      <View
        style={
          Object {
            "backgroundColor": "#01D167",
            "borderRadius": 10,
            "height": 220,
            "margin": 20,
            "marginTop": -50,
            "zIndex": 1,
          }
        }
      >
        <View
          style={
            Object {
              "alignItems": "center",
              "flexDirection": "row",
              "justifyContent": "flex-end",
              "paddingRight": 24,
              "paddingTop": 24,
            }
          }
        >
          <Image
            source={
              Object {
                "process": [Function],
              }
            }
            style={
              Object {
                "height": 21,
                "width": 74,
              }
            }
          />
        </View>
        <Text
          style={
            Array [
              Object {
                "color": "#fff",
                "fontFamily": "Avenir Next",
              },
              Object {
                "fontSize": 22,
                "fontWeight": "bold",
                "paddingLeft": 24,
                "paddingTop": 24,
              },
            ]
          }
        >
          Mark Henry
        </Text>
        <Text
          style={
            Array [
              Object {
                "color": "#fff",
                "fontFamily": "Avenir Next",
              },
              Object {
                "fontSize": 14,
                "fontWeight": "600",
                "paddingLeft": 24,
                "paddingTop": 24,
              },
            ]
          }
        >
          * * * *    * * * *    * * * *    2 0 2 0
        </Text>
        <Text
          style={
            Array [
              Object {
                "color": "#fff",
                "fontFamily": "Avenir Next",
              },
              Object {
                "fontSize": 14,
                "fontWeight": "600",
                "paddingLeft": 24,
                "paddingTop": 15,
              },
            ]
          }
        >
          Thru: 12/20     CVV:
           * * *
        </Text>
        <View
          style={
            Object {
              "alignItems": "center",
              "flexDirection": "row",
              "justifyContent": "flex-end",
              "paddingRight": 24,
            }
          }
        >
          <Image
            source={
              Object {
                "process": [Function],
              }
            }
            style={
              Object {
                "height": 20,
                "width": 60,
              }
            }
          />
        </View>
      </View>
      <View
        accessible={true}
        collapsable={false}
        focusable={true}
        onClick={[Function]}
        onResponderGrant={[Function]}
        onResponderMove={[Function]}
        onResponderRelease={[Function]}
        onResponderTerminate={[Function]}
        onResponderTerminationRequest={[Function]}
        onStartShouldSetResponder={[Function]}
        style={
          Object {
            "alignItems": "center",
            "backgroundColor": "#ffff",
            "borderTopRightRadius": 10,
            "borderTopStartRadius": 10,
            "flexDirection": "row",
            "height": 44,
            "justifyContent": "center",
            "opacity": 1,
            "position": "absolute",
            "right": 20,
            "top": -80,
            "width": 150,
            "zIndex": 0,
          }
        }
      >
        <Image
          source={
            Object {
              "process": [Function],
            }
          }
          style={
            Object {
              "height": 16,
              "marginBottom": 10,
              "width": 16,
            }
          }
        />
        <Text
          style={
            Array [
              Object {
                "color": "#fff",
                "fontFamily": "Avenir Next",
              },
              Object {
                "color": "#01D167",
                "fontFamily": "Avenir Next",
                "fontSize": 12,
                "fontWeight": "600",
                "marginBottom": 10,
                "paddingLeft": 5,
              },
            ]
          }
        >
          Show card number
        </Text>
      </View>
      <View
        style={
          Object {
            "marginLeft": 32,
            "marginRight": 32,
            "paddingTop": 0,
          }
        }
      >
        <View
          style={
            Object {
              "flexDirection": "row",
              "justifyContent": "space-between",
              "marginTop": 32,
            }
          }
        >
          <View
            style={
              Object {
                "flexDirection": "row",
              }
            }
          >
            <Image
              source={
                Object {
                  "process": [Function],
                }
              }
              style={
                Object {
                  "height": 32,
                  "width": 32,
                }
              }
            />
            <View
              style={
                Object {
                  "paddingLeft": 12,
                }
              }
            >
              <Text
                style={
                  Array [
                    Object {
                      "color": "#fff",
                      "fontFamily": "Avenir Next",
                    },
                    Object {
                      "color": "#25345F",
                      "fontSize": 14,
                    },
                  ]
                }
              >
                Top-up account
              </Text>
              <Text
                style={
                  Array [
                    Object {
                      "color": "#fff",
                      "fontFamily": "Avenir Next",
                    },
                    Object {
                      "color": "#222222",
                      "fontSize": 13,
                      "fontWeight": "200",
                    },
                  ]
                }
              >
                Deposit money to your account to use with card
              </Text>
            </View>
          </View>
        </View>
        <View
          style={
            Object {
              "flexDirection": "row",
              "justifyContent": "space-between",
              "marginTop": 32,
            }
          }
        >
          <View
            style={
              Object {
                "flexDirection": "row",
              }
            }
          >
            <Image
              source={
                Object {
                  "process": [Function],
                }
              }
              style={
                Object {
                  "height": 32,
                  "width": 32,
                }
              }
            />
            <View
              style={
                Object {
                  "paddingLeft": 12,
                }
              }
            >
              <Text
                style={
                  Array [
                    Object {
                      "color": "#fff",
                      "fontFamily": "Avenir Next",
                    },
                    Object {
                      "color": "#25345F",
                      "fontSize": 14,
                    },
                  ]
                }
              >
                Weekly spending limit
              </Text>
              <Text
                style={
                  Array [
                    Object {
                      "color": "#fff",
                      "fontFamily": "Avenir Next",
                    },
                    Object {
                      "color": "#222222",
                      "fontSize": 13,
                      "fontWeight": "200",
                    },
                  ]
                }
              >
                You haven't set any spending limit on card
              </Text>
            </View>
          </View>
          <RCTSwitch
            accessibilityRole="switch"
            onChange={[Function]}
            onResponderTerminationRequest={[Function]}
            onStartShouldSetResponder={[Function]}
            onTintColor="#01D167"
            style={
              Array [
                Object {
                  "height": 31,
                  "width": 51,
                },
                Array [
                  Object {
                    "marginRight": -10,
                    "transform": Array [
                      Object {
                        "scaleX": 0.6,
                      },
                      Object {
                        "scaleY": 0.6,
                      },
                    ],
                  },
                  Object {
                    "backgroundColor": "#EEEEEE",
                    "borderRadius": 16,
                  },
                ],
              ]
            }
            thumbTintColor="#f4f3f4"
            tintColor="#EEEEEE"
            value={false}
          />
        </View>
        <View
          style={
            Object {
              "flexDirection": "row",
              "justifyContent": "space-between",
              "marginTop": 32,
            }
          }
        >
          <View
            style={
              Object {
                "flexDirection": "row",
              }
            }
          >
            <Image
              source={
                Object {
                  "process": [Function],
                }
              }
              style={
                Object {
                  "height": 32,
                  "width": 32,
                }
              }
            />
            <View
              style={
                Object {
                  "paddingLeft": 12,
                }
              }
            >
              <Text
                style={
                  Array [
                    Object {
                      "color": "#fff",
                      "fontFamily": "Avenir Next",
                    },
                    Object {
                      "color": "#25345F",
                      "fontSize": 14,
                    },
                  ]
                }
              >
                Freeze Card
              </Text>
              <Text
                style={
                  Array [
                    Object {
                      "color": "#fff",
                      "fontFamily": "Avenir Next",
                    },
                    Object {
                      "color": "#222222",
                      "fontSize": 13,
                      "fontWeight": "200",
                    },
                  ]
                }
              >
                Your debit card is currently active
              </Text>
            </View>
          </View>
          <RCTSwitch
            accessibilityRole="switch"
            onChange={[Function]}
            onResponderTerminationRequest={[Function]}
            onStartShouldSetResponder={[Function]}
            onTintColor="#01D167"
            style={
              Array [
                Object {
                  "height": 31,
                  "width": 51,
                },
                Array [
                  Object {
                    "marginRight": -10,
                    "transform": Array [
                      Object {
                        "scaleX": 0.6,
                      },
                      Object {
                        "scaleY": 0.6,
                      },
                    ],
                  },
                  Object {
                    "backgroundColor": "#EEEEEE",
                    "borderRadius": 16,
                  },
                ],
              ]
            }
            thumbTintColor="#f4f3f4"
            tintColor="#EEEEEE"
            value={false}
          />
        </View>
        <View
          style={
            Object {
              "flexDirection": "row",
              "justifyContent": "space-between",
              "marginTop": 32,
            }
          }
        >
          <View
            style={
              Object {
                "flexDirection": "row",
              }
            }
          >
            <Image
              source={
                Object {
                  "process": [Function],
                }
              }
              style={
                Object {
                  "height": 32,
                  "width": 32,
                }
              }
            />
            <View
              style={
                Object {
                  "paddingLeft": 12,
                }
              }
            >
              <Text
                style={
                  Array [
                    Object {
                      "color": "#fff",
                      "fontFamily": "Avenir Next",
                    },
                    Object {
                      "color": "#25345F",
                      "fontSize": 14,
                    },
                  ]
                }
              >
                Get a new card
              </Text>
              <Text
                style={
                  Array [
                    Object {
                      "color": "#fff",
                      "fontFamily": "Avenir Next",
                    },
                    Object {
                      "color": "#222222",
                      "fontSize": 13,
                      "fontWeight": "200",
                    },
                  ]
                }
              >
                This deactivates your current card
              </Text>
            </View>
          </View>
        </View>
        <View
          style={
            Object {
              "flexDirection": "row",
              "justifyContent": "space-between",
              "marginTop": 32,
            }
          }
        >
          <View
            style={
              Object {
                "flexDirection": "row",
              }
            }
          >
            <Image
              source={
                Object {
                  "process": [Function],
                }
              }
              style={
                Object {
                  "height": 32,
                  "width": 32,
                }
              }
            />
            <View
              style={
                Object {
                  "paddingLeft": 12,
                }
              }
            >
              <Text
                style={
                  Array [
                    Object {
                      "color": "#fff",
                      "fontFamily": "Avenir Next",
                    },
                    Object {
                      "color": "#25345F",
                      "fontSize": 14,
                    },
                  ]
                }
              >
                Deactivated card
              </Text>
              <Text
                style={
                  Array [
                    Object {
                      "color": "#fff",
                      "fontFamily": "Avenir Next",
                    },
                    Object {
                      "color": "#222222",
                      "fontSize": 13,
                      "fontWeight": "200",
                    },
                  ]
                }
              >
                Your previously deactivated cards
              </Text>
            </View>
          </View>
        </View>
      </View>
    </View>
  </View>,
]
`;
